../Drivers/STM32U5xx_HAL_Driver/Src/stm32u5xx_hal_sd.c:336:19:HAL_SD_Init	48	static
../Drivers/STM32U5xx_HAL_Driver/Src/stm32u5xx_hal_sd.c:465:19:HAL_SD_InitCard	64	static
../Drivers/STM32U5xx_HAL_Driver/Src/stm32u5xx_hal_sd.c:551:19:HAL_SD_DeInit	16	static
../Drivers/STM32U5xx_HAL_Driver/Src/stm32u5xx_hal_sd.c:608:13:HAL_SD_MspInit	16	static
../Drivers/STM32U5xx_HAL_Driver/Src/stm32u5xx_hal_sd.c:623:13:HAL_SD_MspDeInit	16	static
../Drivers/STM32U5xx_HAL_Driver/Src/stm32u5xx_hal_sd.c:664:19:HAL_SD_ReadBlocks	80	static
../Drivers/STM32U5xx_HAL_Driver/Src/stm32u5xx_hal_sd.c:849:19:HAL_SD_WriteBlocks	80	static
../Drivers/STM32U5xx_HAL_Driver/Src/stm32u5xx_hal_sd.c:1036:19:HAL_SD_ReadBlocks_IT	56	static
../Drivers/STM32U5xx_HAL_Driver/Src/stm32u5xx_hal_sd.c:1131:19:HAL_SD_WriteBlocks_IT	56	static
../Drivers/STM32U5xx_HAL_Driver/Src/stm32u5xx_hal_sd.c:1228:19:HAL_SD_ReadBlocks_DMA	56	static
../Drivers/STM32U5xx_HAL_Driver/Src/stm32u5xx_hal_sd.c:1327:19:HAL_SD_WriteBlocks_DMA	56	static
../Drivers/STM32U5xx_HAL_Driver/Src/stm32u5xx_hal_sd.c:1423:19:HAL_SD_Erase	40	static
../Drivers/STM32U5xx_HAL_Driver/Src/stm32u5xx_hal_sd.c:1525:6:HAL_SD_IRQHandler	24	static
../Drivers/STM32U5xx_HAL_Driver/Src/stm32u5xx_hal_sd.c:1737:21:HAL_SD_GetState	16	static
../Drivers/STM32U5xx_HAL_Driver/Src/stm32u5xx_hal_sd.c:1748:10:HAL_SD_GetError	16	static
../Drivers/STM32U5xx_HAL_Driver/Src/stm32u5xx_hal_sd.c:1758:13:HAL_SD_TxCpltCallback	16	static
../Drivers/STM32U5xx_HAL_Driver/Src/stm32u5xx_hal_sd.c:1773:13:HAL_SD_RxCpltCallback	16	static
../Drivers/STM32U5xx_HAL_Driver/Src/stm32u5xx_hal_sd.c:1788:13:HAL_SD_ErrorCallback	16	static
../Drivers/STM32U5xx_HAL_Driver/Src/stm32u5xx_hal_sd.c:1803:13:HAL_SD_AbortCallback	16	static
../Drivers/STM32U5xx_HAL_Driver/Src/stm32u5xx_hal_sd.c:2117:19:HAL_SD_GetCardCID	16	static
../Drivers/STM32U5xx_HAL_Driver/Src/stm32u5xx_hal_sd.c:2150:19:HAL_SD_GetCardCSD	16	static
../Drivers/STM32U5xx_HAL_Driver/Src/stm32u5xx_hal_sd.c:2264:19:HAL_SD_GetCardStatus	88	static
../Drivers/STM32U5xx_HAL_Driver/Src/stm32u5xx_hal_sd.c:2334:19:HAL_SD_GetCardInfo	16	static
../Drivers/STM32U5xx_HAL_Driver/Src/stm32u5xx_hal_sd.c:2359:19:HAL_SD_ConfigWideBusOperation	64	static
../Drivers/STM32U5xx_HAL_Driver/Src/stm32u5xx_hal_sd.c:2526:19:HAL_SD_ConfigSpeedBusOperation	32	static
../Drivers/STM32U5xx_HAL_Driver/Src/stm32u5xx_hal_sd.c:2777:25:HAL_SD_GetCardState	32	static
../Drivers/STM32U5xx_HAL_Driver/Src/stm32u5xx_hal_sd.c:2800:19:HAL_SD_Abort	24	static
../Drivers/STM32U5xx_HAL_Driver/Src/stm32u5xx_hal_sd.c:2837:19:HAL_SD_Abort_IT	24	static
../Drivers/STM32U5xx_HAL_Driver/Src/stm32u5xx_hal_sd.c:2894:17:SD_InitCard	72	static
../Drivers/STM32U5xx_HAL_Driver/Src/stm32u5xx_hal_sd.c:2991:17:SD_PowerON	32	static
../Drivers/STM32U5xx_HAL_Driver/Src/stm32u5xx_hal_sd.c:3160:13:SD_PowerOFF	16	static
../Drivers/STM32U5xx_HAL_Driver/Src/stm32u5xx_hal_sd.c:3173:17:SD_SendSDStatus	56	static
../Drivers/STM32U5xx_HAL_Driver/Src/stm32u5xx_hal_sd.c:3279:17:SD_SendStatus	24	static
../Drivers/STM32U5xx_HAL_Driver/Src/stm32u5xx_hal_sd.c:3306:17:SD_WideBus_Enable	32	static
../Drivers/STM32U5xx_HAL_Driver/Src/stm32u5xx_hal_sd.c:3353:17:SD_WideBus_Disable	32	static
../Drivers/STM32U5xx_HAL_Driver/Src/stm32u5xx_hal_sd.c:3402:17:SD_FindSCR	64	static
../Drivers/STM32U5xx_HAL_Driver/Src/stm32u5xx_hal_sd.c:3498:13:SD_Read_IT	32	static
../Drivers/STM32U5xx_HAL_Driver/Src/stm32u5xx_hal_sd.c:3533:13:SD_Write_IT	32	static
../Drivers/STM32U5xx_HAL_Driver/Src/stm32u5xx_hal_sd.c:3570:10:SD_HighSpeed	128	static
../Drivers/STM32U5xx_HAL_Driver/Src/stm32u5xx_hal_sd.c:3936:13:HAL_SDEx_Read_DMALnkLstBufCpltCallback	16	static
../Drivers/STM32U5xx_HAL_Driver/Src/stm32u5xx_hal_sd.c:3950:13:HAL_SDEx_Write_DMALnkLstBufCpltCallback	16	static
