../Core/Src/main.c:112:5:main	8	static
../Core/Src/main.c:178:6:SystemClock_Config	96	static
../Core/Src/main.c:234:6:PeriphCommonClock_Config	168	static
../Core/Src/main.c:261:13:MX_ADC1_Init	32	static
../Core/Src/main.c:320:13:MX_CRC_Init	8	static
../Core/Src/main.c:351:13:MX_DAC1_Init	48	static
../Core/Src/main.c:395:13:MX_DFSDM1_Init	8	static
../Core/Src/main.c:465:13:MX_I2C2_SMBUS_Init	8	static
../Core/Src/main.c:510:13:MX_I2C3_Init	8	static
../Core/Src/main.c:558:13:MX_I2C4_Init	8	static
../Core/Src/main.c:606:13:MX_LTDC_Init	112	static
../Core/Src/main.c:688:13:MX_RTC_Init	48	static
../Core/Src/main.c:742:13:MX_SAI1_Init	8	static
../Core/Src/main.c:824:13:MX_SPI1_Init	8	static
../Core/Src/main.c:864:13:MX_SPI2_Init	8	static
../Core/Src/main.c:904:13:MX_TIM2_Init	48	static
../Core/Src/main.c:953:13:MX_TIM5_Init	48	static
../Core/Src/main.c:1006:13:MX_USART2_UART_Init	8	static
../Core/Src/main.c:1054:13:MX_USART3_UART_Init	8	static
../Core/Src/main.c:1100:13:MX_DMA_Init	16	static
../Core/Src/main.c:1119:13:MX_GPIO_Init	64	static
../Core/Src/main.c:1325:6:Error_Handler	4	static,ignoring_inline_asm
