../Core/Src/main.c:113:5:main	8	static
../Core/Src/main.c:182:6:SystemClock_Config	128	static
../Core/Src/main.c:240:6:PeriphCommonClock_Config	208	static
../Core/Src/main.c:279:13:SystemPower_Config	8	static
../Core/Src/main.c:294:13:MX_ADC1_Init	8	static
../Core/Src/main.c:338:13:MX_ADF1_Init	8	static
../Core/Src/main.c:401:13:MX_MDF1_Init	8	static
../Core/Src/main.c:455:13:MX_CRC_Init	8	static
../Core/Src/main.c:486:13:MX_DAC1_Init	64	static
../Core/Src/main.c:541:13:MX_I2C1_Init	8	static
../Core/Src/main.c:589:13:MX_I2C2_Init	8	static
../Core/Src/main.c:637:13:MX_I2C3_Init	8	static
../Core/Src/main.c:685:13:MX_ICACHE_Init	8	static
../Core/Src/main.c:717:13:MX_RTC_Init	40	static
../Core/Src/main.c:765:13:MX_SAI1_Init	8	static
../Core/Src/main.c:848:13:MX_SPI1_Init	24	static
../Core/Src/main.c:905:13:MX_SPI3_Init	24	static
../Core/Src/main.c:962:13:MX_TAMP_RTC_Init	72	static
../Core/Src/main.c:1011:13:MX_TIM3_Init	40	static
../Core/Src/main.c:1059:13:MX_USART2_UART_Init	8	static
../Core/Src/main.c:1107:13:MX_USART3_UART_Init	8	static
../Core/Src/main.c:1155:13:MX_USB_OTG_FS_PCD_Init	8	static
../Core/Src/main.c:1189:13:MX_GPIO_Init	64	static
../Core/Src/main.c:1403:6:Error_Handler	4	static,ignoring_inline_asm
