../Core/Src/stm32u5xx_it.c:70:6:NMI_Handler	4	static
../Core/Src/stm32u5xx_it.c:85:6:HardFault_Handler	4	static
../Core/Src/stm32u5xx_it.c:100:6:MemManage_Handler	4	static
../Core/Src/stm32u5xx_it.c:115:6:BusFault_Handler	4	static
../Core/Src/stm32u5xx_it.c:130:6:UsageFault_Handler	4	static
../Core/Src/stm32u5xx_it.c:145:6:SVC_Handler	4	static
../Core/Src/stm32u5xx_it.c:158:6:DebugMon_Handler	4	static
../Core/Src/stm32u5xx_it.c:171:6:PendSV_Handler	4	static
../Core/Src/stm32u5xx_it.c:184:6:SysTick_Handler	8	static
../Core/Src/stm32u5xx_it.c:205:6:EXTI0_IRQHandler	8	static
../Core/Src/stm32u5xx_it.c:219:6:EXTI1_IRQHandler	8	static
../Core/Src/stm32u5xx_it.c:233:6:EXTI2_IRQHandler	8	static
../Core/Src/stm32u5xx_it.c:247:6:EXTI3_IRQHandler	8	static
../Core/Src/stm32u5xx_it.c:261:6:EXTI4_IRQHandler	8	static
../Core/Src/stm32u5xx_it.c:275:6:EXTI5_IRQHandler	8	static
../Core/Src/stm32u5xx_it.c:289:6:EXTI6_IRQHandler	8	static
../Core/Src/stm32u5xx_it.c:303:6:EXTI7_IRQHandler	8	static
../Core/Src/stm32u5xx_it.c:317:6:EXTI8_IRQHandler	8	static
../Core/Src/stm32u5xx_it.c:331:6:EXTI9_IRQHandler	8	static
../Core/Src/stm32u5xx_it.c:345:6:EXTI10_IRQHandler	8	static
../Core/Src/stm32u5xx_it.c:359:6:EXTI11_IRQHandler	8	static
../Core/Src/stm32u5xx_it.c:373:6:EXTI13_IRQHandler	8	static
../Core/Src/stm32u5xx_it.c:387:6:EXTI14_IRQHandler	8	static
../Core/Src/stm32u5xx_it.c:401:6:SPI2_IRQHandler	8	static
../Core/Src/stm32u5xx_it.c:415:6:OTG_FS_IRQHandler	8	static
