../Core/Src/main.c:128:5:main	8	static
../Core/Src/main.c:201:6:SystemClock_Config	128	static
../Core/Src/main.c:259:6:PeriphCommonClock_Config	208	static
../Core/Src/main.c:298:13:SystemPower_Config	8	static
../Core/Src/main.c:313:13:MX_ADC1_Init	8	static
../Core/Src/main.c:357:13:MX_ADF1_Init	8	static
../Core/Src/main.c:420:13:MX_MDF1_Init	8	static
../Core/Src/main.c:474:13:MX_CRC_Init	8	static
../Core/Src/main.c:505:13:MX_DAC1_Init	64	static
../Core/Src/main.c:560:13:MX_GPDMA1_Init	16	static
../Core/Src/main.c:598:13:MX_I2C1_Init	8	static
../Core/Src/main.c:646:13:MX_I2C2_Init	8	static
../Core/Src/main.c:694:13:MX_I2C3_Init	8	static
../Core/Src/main.c:742:13:MX_ICACHE_Init	8	static
../Core/Src/main.c:774:13:MX_RTC_Init	40	static
../Core/Src/main.c:822:13:MX_SAI1_Init	8	static
../Core/Src/main.c:905:13:MX_SPI1_Init	24	static
../Core/Src/main.c:962:13:MX_SPI2_Init	24	static
../Core/Src/main.c:1019:13:MX_SPI3_Init	24	static
../Core/Src/main.c:1076:13:MX_TAMP_RTC_Init	72	static
../Core/Src/main.c:1125:13:MX_TIM3_Init	40	static
../Core/Src/main.c:1173:13:MX_USART2_UART_Init	8	static
../Core/Src/main.c:1221:13:MX_USART3_UART_Init	8	static
../Core/Src/main.c:1269:13:MX_USB_OTG_FS_PCD_Init	8	static
../Core/Src/main.c:1303:13:MX_GPIO_Init	64	static
../Core/Src/main.c:1499:6:Error_Handler	4	static,ignoring_inline_asm
